// Jest Snapshot v1, https://goo.gl/fbAQLP

exports[`renders as snapshot 1`] = `
<Card
  className="exchanger"
>
  <div
    className="origin"
  >
    <Connect(CurrencySelect)
      curType="CURRENCY_ORIGIN"
      exchangeRates={Object {}}
      selected="EUR"
    />
    <Connect(AmountInputOrigin) />
  </div>
  <div>
    <Button
      block={false}
      className="swap-btn"
      ghost={false}
      icon="swap"
      loading={false}
      onClick={[MockFunction]}
      prefixCls="ant-btn"
      size="small"
      type="primary"
    >
      Swap
    </Button>
  </div>
  <div
    className="target"
  >
    <Connect(CurrencySelect)
      curType="CURRENCY_TARGET"
      exchangeRates={Object {}}
      selected="USD"
    />
    <Connect(AmountInputTarget)
      originAmount={50}
    />
  </div>
</Card>
`;
